

exports[`Should echo salut 1.1`] = `"salut
"`;

exports[`Should get deleted 1.1`] = `"salut
"`;
