

exports[`Should echo salut1 1.1`] = `"salut1
"`;

exports[`Should echo salut2 1.1`] = `"salut2
"`;
